
--- Р•Р¶РµРґРЅРµРІРЅС‹Р№ Р°СЂС…РёРІ РґР°РЅРЅС‹С… 2026-07-11T15:46:41.284Z ---
Daily archive run — 2026-07-11T15:46:42.848857+00:00
Funding BTC/USDT:USDT: no new rows
Archive BTC_USDT_USDT_oi_5m: 578 rows (+2 new)
OKX request failed /api/v5/public/liquidation-orders: 400 Client Error: Bad Request for url: https://www.okx.com/api/v5/public/liquidation-orders?instType=SWAP&instId=BTC-USDT-SWAP&state=filled&limit=100
Archive BTC_USDT_USDT_trades: 300 rows (+100 new)
Archive BTC_USDT_USDT_ticker: 3 rows (+1 new)
  BTC/USDT:USDT: {'funding': 0, 'oi': 2, 'liquidations': 0, 'trades': 100, 'ticker': 1}
Funding ETH/USDT:USDT: no new rows
Archive ETH_USDT_USDT_oi_5m: 589 rows (+2 new)
OKX request failed /api/v5/public/liquidation-orders: 400 Client Error: Bad Request for url: https://www.okx.com/api/v5/public/liquidation-orders?instType=SWAP&instId=ETH-USDT-SWAP&state=filled&limit=100
Archive ETH_USDT_USDT_trades: 300 rows (+100 new)
Archive ETH_USDT_USDT_ticker: 3 rows (+1 new)
  ETH/USDT:USDT: {'funding': 0, 'oi': 2, 'liquidations': 0, 'trades': 100, 'ticker': 1}
Funding SOL/USDT:USDT: no new rows
Archive SOL_USDT_USDT_oi_5m: 578 rows (+2 new)
OKX request failed /api/v5/public/liquidation-orders: 400 Client Error: Bad Request for url: https://www.okx.com/api/v5/public/liquidation-orders?instType=SWAP&instId=SOL-USDT-SWAP&state=filled&limit=100
Archive SOL_USDT_USDT_trades: 300 rows (+100 new)
Archive SOL_USDT_USDT_ticker: 3 rows (+1 new)
  SOL/USDT:USDT: {'funding': 0, 'oi': 2, 'liquidations': 0, 'trades': 100, 'ticker': 1}

Archive complete. Quality: 15/19 passed.
Coverage: C:\xampp\htdocs\crypto\bot\alpha\results\coverage_report_20260711_154721.json

--- РђСЂС…РёРІ + L2 СЃРЅРёРјРєРё 2026-07-11T15:47:37.232Z ---
Daily archive run — 2026-07-11T15:47:38.621672+00:00
Funding BTC/USDT:USDT: no new rows
OI BTC/USDT:USDT: no new rows
OKX request failed /api/v5/public/liquidation-orders: 400 Client Error: Bad Request for url: https://www.okx.com/api/v5/public/liquidation-orders?instType=SWAP&instId=BTC-USDT-SWAP&state=filled&limit=100
Archive BTC_USDT_USDT_trades: 400 rows (+100 new)
Archive BTC_USDT_USDT_ticker: 4 rows (+1 new)
OKX API error [fetch_order_book]: Exchange not connected (streak=1)
Traceback (most recent call last):
  File "<frozen runpy>", line 198, in _run_module_as_main
  File "<frozen runpy>", line 88, in _run_code
  File "C:\xampp\htdocs\crypto\bot\alpha\run_archive.py", line 219, in <module>
    main()
    ~~~~^^
  File "C:\xampp\htdocs\crypto\bot\alpha\run_archive.py", line 213, in main
    report = run_daily_archive(symbols, l2_duration=args.l2_duration, skip_l2=args.skip_l2)
  File "C:\xampp\htdocs\crypto\bot\alpha\run_archive.py", line 183, in run_daily_archive
    sym_stats["orderbook"] = asyncio.run(collect_orderbook_burst(sym, duration_sec=l2_duration))
                             ~~~~~~~~~~~^^^^^^^^^^^^^^^^^^^^^^^^^^^^^^^^^^^^^^^^^^^^^^^^^^^^^^^^
  File "C:\Users\Irink\AppData\Local\Python\pythoncore-3.14-64\Lib\asyncio\runners.py", line 204, in run
    return runner.run(main)
           ~~~~~~~~~~^^^^^^
  File "C:\Users\Irink\AppData\Local\Python\pythoncore-3.14-64\Lib\asyncio\runners.py", line 127, in run
    return self._loop.run_until_complete(task)
           ~~~~~~~~~~~~~~~~~~~~~~~~~~~~~^^^^^^
  File "C:\Users\Irink\AppData\Local\Python\pythoncore-3.14-64\Lib\asyncio\base_events.py", line 719, in run_until_complete
    return future.result()
           ~~~~~~~~~~~~~^^
  File "C:\xampp\htdocs\crypto\bot\alpha\run_archive.py", line 124, in collect_orderbook_burst
    book = await client.fetch_order_book(swap, 20)
           ^^^^^^^^^^^^^^^^^^^^^^^^^^^^^^^^^^^^^^^
  File "C:\xampp\htdocs\crypto\bot\exchange\okx_rest.py", line 253, in fetch_order_book
    raw = await self._safe_call("fetch_order_book", swap, limit)
          ^^^^^^^^^^^^^^^^^^^^^^^^^^^^^^^^^^^^^^^^^^^^^^^^^^^^^^
  File "C:\xampp\htdocs\crypto\bot\exchange\okx_rest.py", line 201, in _safe_call
    result = await with_retry(_call, max_attempts=self.settings.trading_api_max_retries, label=fn_name)
             ^^^^^^^^^^^^^^^^^^^^^^^^^^^^^^^^^^^^^^^^^^^^^^^^^^^^^^^^^^^^^^^^^^^^^^^^^^^^^^^^^^^^^^^^^^
  File "C:\xampp\htdocs\crypto\bot\core\retry.py", line 45, in with_retry
    return await fn()
           ^^^^^^^^^^
  File "C:\xampp\htdocs\crypto\bot\exchange\okx_rest.py", line 197, in _call
    ex = self._require_exchange()
  File "C:\xampp\htdocs\crypto\bot\exchange\okx_rest.py", line 190, in _require_exchange
    raise RuntimeError("Exchange not connected")
RuntimeError: Exchange not connected

--- РђСЂС…РёРІ + L2 СЃРЅРёРјРєРё 2026-07-11T15:48:11.442Z ---
Daily archive run — 2026-07-11T15:48:12.788920+00:00
Funding BTC/USDT:USDT: no new rows
OI BTC/USDT:USDT: no new rows
OKX request failed /api/v5/public/liquidation-orders: 400 Client Error: Bad Request for url: https://www.okx.com/api/v5/public/liquidation-orders?instType=SWAP&instId=BTC-USDT-SWAP&state=filled&limit=100
Archive BTC_USDT_USDT_trades: 500 rows (+100 new)
Archive BTC_USDT_USDT_ticker: 5 rows (+1 new)
OKX API error [fetch_order_book]: Exchange not connected (streak=1)
Traceback (most recent call last):
  File "<frozen runpy>", line 198, in _run_module_as_main
  File "<frozen runpy>", line 88, in _run_code
  File "C:\xampp\htdocs\crypto\bot\alpha\run_archive.py", line 219, in <module>
    main()
    ~~~~^^
  File "C:\xampp\htdocs\crypto\bot\alpha\run_archive.py", line 213, in main
    report = run_daily_archive(symbols, l2_duration=args.l2_duration, skip_l2=args.skip_l2)
  File "C:\xampp\htdocs\crypto\bot\alpha\run_archive.py", line 183, in run_daily_archive
    sym_stats["orderbook"] = asyncio.run(collect_orderbook_burst(sym, duration_sec=l2_duration))
                             ~~~~~~~~~~~^^^^^^^^^^^^^^^^^^^^^^^^^^^^^^^^^^^^^^^^^^^^^^^^^^^^^^^^
  File "C:\Users\Irink\AppData\Local\Python\pythoncore-3.14-64\Lib\asyncio\runners.py", line 204, in run
    return runner.run(main)
           ~~~~~~~~~~^^^^^^
  File "C:\Users\Irink\AppData\Local\Python\pythoncore-3.14-64\Lib\asyncio\runners.py", line 127, in run
    return self._loop.run_until_complete(task)
           ~~~~~~~~~~~~~~~~~~~~~~~~~~~~~^^^^^^
  File "C:\Users\Irink\AppData\Local\Python\pythoncore-3.14-64\Lib\asyncio\base_events.py", line 719, in run_until_complete
    return future.result()
           ~~~~~~~~~~~~~^^
  File "C:\xampp\htdocs\crypto\bot\alpha\run_archive.py", line 124, in collect_orderbook_burst
    book = await client.fetch_order_book(swap, 20)
           ^^^^^^^^^^^^^^^^^^^^^^^^^^^^^^^^^^^^^^^
  File "C:\xampp\htdocs\crypto\bot\exchange\okx_rest.py", line 253, in fetch_order_book
    raw = await self._safe_call("fetch_order_book", swap, limit)
          ^^^^^^^^^^^^^^^^^^^^^^^^^^^^^^^^^^^^^^^^^^^^^^^^^^^^^^
  File "C:\xampp\htdocs\crypto\bot\exchange\okx_rest.py", line 201, in _safe_call
    result = await with_retry(_call, max_attempts=self.settings.trading_api_max_retries, label=fn_name)
             ^^^^^^^^^^^^^^^^^^^^^^^^^^^^^^^^^^^^^^^^^^^^^^^^^^^^^^^^^^^^^^^^^^^^^^^^^^^^^^^^^^^^^^^^^^
  File "C:\xampp\htdocs\crypto\bot\core\retry.py", line 45, in with_retry
    return await fn()
           ^^^^^^^^^^
  File "C:\xampp\htdocs\crypto\bot\exchange\okx_rest.py", line 197, in _call
    ex = self._require_exchange()
  File "C:\xampp\htdocs\crypto\bot\exchange\okx_rest.py", line 190, in _require_exchange
    raise RuntimeError("Exchange not connected")
RuntimeError: Exchange not connected

--- РђСЂС…РёРІ + L2 СЃРЅРёРјРєРё 2026-07-11T15:50:12.442Z ---
Daily archive run — 2026-07-11T15:50:13.838350+00:00
Funding BTC/USDT:USDT: no new rows
OI BTC/USDT:USDT: no new rows
OKX request failed /api/v5/public/liquidation-orders: 400 Client Error: Bad Request for url: https://www.okx.com/api/v5/public/liquidation-orders?instType=SWAP&instId=BTC-USDT-SWAP&state=filled&limit=100
Archive BTC_USDT_USDT_trades: 700 rows (+100 new)
Archive BTC_USDT_USDT_ticker: 7 rows (+1 new)
Archive BTC_USDT_USDT_orderbook: 32 rows (+30 new)
  BTC/USDT:USDT: {'funding': 0, 'oi': 0, 'liquidations': 0, 'trades': 100, 'ticker': 1, 'orderbook': 30}
Funding ETH/USDT:USDT: no new rows
Archive ETH_USDT_USDT_oi_5m: 590 rows (+1 new)
OKX request failed /api/v5/public/liquidation-orders: 400 Client Error: Bad Request for url: https://www.okx.com/api/v5/public/liquidation-orders?instType=SWAP&instId=ETH-USDT-SWAP&state=filled&limit=100
Archive ETH_USDT_USDT_trades: 400 rows (+100 new)
Archive ETH_USDT_USDT_ticker: 4 rows (+1 new)
Archive ETH_USDT_USDT_orderbook: 33 rows (+33 new)
  ETH/USDT:USDT: {'funding': 0, 'oi': 1, 'liquidations': 0, 'trades': 100, 'ticker': 1, 'orderbook': 33}
Funding SOL/USDT:USDT: no new rows
Archive SOL_USDT_USDT_oi_5m: 579 rows (+1 new)
OKX request failed /api/v5/public/liquidation-orders: 400 Client Error: Bad Request for url: https://www.okx.com/api/v5/public/liquidation-orders?instType=SWAP&instId=SOL-USDT-SWAP&state=filled&limit=100
Archive SOL_USDT_USDT_trades: 400 rows (+100 new)
Archive SOL_USDT_USDT_ticker: 4 rows (+1 new)
Archive SOL_USDT_USDT_orderbook: 29 rows (+29 new)
  SOL/USDT:USDT: {'funding': 0, 'oi': 1, 'liquidations': 0, 'trades': 100, 'ticker': 1, 'orderbook': 29}

Archive complete. Quality: 16/22 passed.
Coverage: C:\xampp\htdocs\crypto\bot\alpha\results\coverage_report_20260711_155713.json

--- Coverage + Quality 2026-07-11T16:52:22.915Z ---
Phase X — Step 1: Data Coverage Report
Coverage saved: C:\xampp\htdocs\crypto\bot\alpha\results\coverage_report_20260711_165225.json (discovery_ready=True)
Phase X — Step 2: Data Quality Checks
Quality: 16/22 passed

============================================================
PHASE X — ALPHA DISCOVERY 2.0
============================================================

В рамках имеющихся данных и проверенных гипотез воспроизводимое торговое преимущество не обнаружено. Проблемы качества данных: 6 источников не прошли проверку. Потенциально изменить вывод могут: OI hypotheses: accumulate 7+ days 5m OI per symbol; Liquidation hypotheses: fix API + daily liquidation archive; Microstructure: run daily L2/ticker collector (npm run trading:archive) Новые типы данных: длительная история funding/OI, поток ликвидаций, L2 orderbook, trades tape, cross-exchange basis.

Data: 21/24 sources present, discovery_ready=True
Quality: 16/22 passed

Report: C:\xampp\htdocs\crypto\bot\alpha\results\phase_x_report_20260711_165226.html
Elapsed: 2.2s
